Archive member included to satisfy reference by file (symbol)

../../../libwvm.a(flint.o)    main_java.o (Flint::findClass(FExec*, char const*, unsigned short, bool))
../../../libwvm.a(flint_utf8.o)
                              ../../../libwvm.a(flint.o) (Utf8EncodeSize(unsigned short))
../../../libwvm.a(flint_execution.o)
                              ../../../libwvm.a(flint.o) (FExec::FExec(JThread*, unsigned int))
../../../libwvm.a(flint_fields_data.o)
                              ../../../libwvm.a(flint.o) (FieldValue::getFieldInfo() const)
../../../libwvm.a(flint_method_info.o)
                              ../../../libwvm.a(flint_execution.o) (MethodInfo::getReturnType())
../../../libwvm.a(flint_const_pool.o)
                              ../../../libwvm.a(flint_execution.o) (ConstMethod::getArgc() const)
../../../libwvm.a(flint_class_loader.o)
                              ../../../libwvm.a(flint_execution.o) (ClassLoader::getConstPoolTag(unsigned short) const)
../../../libwvm.a(flint_common.o)
                              ../../../libwvm.a(flint_class_loader.o) (Swap16(unsigned short))
../../../libwvm.a(flint_array_object.o)
                              ../../../libwvm.a(flint.o) (JObjectArray::getLength() const)
../../../libwvm.a(flint_java_class.o)
                              ../../../libwvm.a(flint.o) (JClass::JClass(char const*, ClassLoader*))
../../../libwvm.a(flint_java_object.o)
                              ../../../libwvm.a(flint_java_class.o) (JObject::JObject(unsigned int, JClass*))
../../../libwvm.a(flint_java_throwable.o)
                              ../../../libwvm.a(flint_execution.o) (JThrowable::getDetailMessage() const)
../../../libwvm.a(flint_java_string.o)
                              ../../../libwvm.a(flint.o) (JString::setUtf8(FExec*, char const*))
../../../libwvm.a(flint_java_class_dict_node.o)
                              ../../../libwvm.a(flint.o) (JClassDictNode::JClassDictNode(JClass*))
../../../libwvm.a(flint_java_string_dict_node.o)
                              ../../../libwvm.a(flint.o) (JStringDictNode::getHashKey() const)
../../../libwvm.a(flint_utf8_dict_node.o)
                              ../../../libwvm.a(flint.o) (Utf8DictNode::Utf8DictNode())
../../../libwvm.a(flint_mutex.o)
                              ../../../libwvm.a(flint.o) (FMutex::FMutex())
../../../libwvm.a(flint_debugger.o)
                              ../../../libwvm.a(flint_execution.o) (StackFrame::StackFrame())
../../../libwvm.a(flint_field_info.o)
                              ../../../libwvm.a(flint_class_loader.o) (FieldInfo::FieldInfo(FieldAccessFlag, char const*, char const*))
../../../../../lib/libcircle.a(actled.o)
                              kernel.o (CActLED::CActLED(bool))
../../../../../lib/libcircle.a(machineinfo.o)
                              ../../../../../lib/libcircle.a(actled.o) (CMachineInfo::GetActLEDInfo() const)
../../../../../lib/libcircle.a(sysinit.o)
                              main.o (halt)
../../../../../lib/libcircle.a(timer.o)
                              ../../../../../lib/libcircle.a(actled.o) (CTimer::SimpleMsDelay(unsigned int))
../../../../../lib/libcircle.a(util.o)
                              ../../../libwvm.a(flint_execution.o) (memmove)
../../../../../lib/libcircle.a(util_fast.o)
                              ../../../libwvm.a(flint_java_object.o) (memset)
../../../../../lib/libcircle.a(virtualgpiopin.o)
                              ../../../../../lib/libcircle.a(actled.o) (CVirtualGPIOPin::Write(unsigned int))
../../../../../lib/libcircle.a(chainboot.o)
                              ../../../../../lib/libcircle.a(sysinit.o) (IsChainBootEnabled)
../../../../../lib/libcircle.a(new.o)
                              ../../../libwvm.a(flint.o) (operator new(unsigned long, void*))
../../../../../lib/libcircle.a(heapallocator.o)
                              ../../../../../lib/libcircle.a(new.o) (CHeapAllocator::Allocate(unsigned long))
../../../../../lib/libcircle.a(bcmpropertytags.o)
                              ../../../../../lib/libcircle.a(machineinfo.o) (CBcmPropertyTags::CBcmPropertyTags(bool))
../../../../../lib/libcircle.a(bcmmailbox.o)
                              ../../../../../lib/libcircle.a(bcmpropertytags.o) (CBcmMailBox::CBcmMailBox(unsigned int, bool))
../../../../../lib/libcircle.a(memory64.o)
                              ../../../../../lib/libcircle.a(sysinit.o) (CMemorySystem::Destructor())
../../../../../lib/libcircle.a(startup64.o)
                              (_start)
../../../../../lib/libcircle.a(synchronize64.o)
                              ../../../../../lib/libcircle.a(timer.o) (EnterCritical)
../../../../../lib/libcircle.a(translationtable64.o)
                              ../../../../../lib/libcircle.a(memory64.o) (CTranslationTable::GetBaseAddress() const)
../../../../../lib/libcircle.a(interrupt.o)
                              ../../../../../lib/libcircle.a(sysinit.o) (CInterruptSystem::CInterruptSystem())
[...]
Memory Configuration

Name             Origin             Length             Attributes
*default*        0x0000000000000000 0xffffffffffffffff

Linker script and memory map

Address of section .init set to 0x80000

.init           0x0000000000080000       0xa8
 *(.init)
 .init          0x0000000000080000       0xa8 ../../../../../lib/libcircle.a(startup64.o)
                0x0000000000080000                _start

.text           0x0000000000080800    0x2d3ec
 *(.text*)
 .text          0x0000000000080800        0x0 main.o
 .text.startup  0x0000000000080800       0x34 main.o
                0x0000000000080800                main
 *fill*         0x0000000000080834        0xc 
 .text          0x0000000000080840      0x108 main_java.o
                0x0000000000080840                Flint_runToMain
 *fill*         0x0000000000080948        0x8 
 .text          0x0000000000080950      0x2b0 kernel.o
                0x0000000000080a80                rpi_uart_puts
                0x0000000000080a90                rpi_uart_putc
                0x0000000000080b40                rpi_get_ticks
                0x0000000000080b50                CKernel::CKernel()
                0x0000000000080b50                CKernel::CKernel()
                0x0000000000080b60                CKernel::~CKernel()
                0x0000000000080b60                CKernel::~CKernel()
                0x0000000000080b70                CKernel::Initialize()
                0x0000000000080b90                CKernel::Run()
 .text          0x0000000000080c00      0x1f8 ../Src/flint_system_api.o
                0x0000000000080c00                FlintAPI::System::reset()
                0x0000000000080c20                FlintAPI::System::initHeap(void*, void*)
                0x0000000000080c40                FlintAPI::System::malloc(unsigned int)
                0x0000000000080c80                FlintAPI::System::realloc(void*, unsigned int)
                0x0000000000080d00                FlintAPI::System::free(void*)
                0x0000000000080d10                FlintAPI::System::consoleWrite(unsigned char*, unsigned int)
                0x0000000000080d60                FlintAPI::System::getTimeNanos()
                0x0000000000080da0                FlintAPI::System::getTimeMillis()
                0x0000000000080de0                FlintAPI::System::findNativeMethod(MethodInfo*)
                0x0000000000080df0                vsnprintf
 *fill*         0x0000000000080df8        0x8 
 .text          0x0000000000080e00      0x2c8 ../Src/flint_system_io_api.o
                0x0000000000080e00                FlintAPI::IO::finfo(char const*, FlintAPI::IO::FileInfo*)
                0x0000000000080ec0                FlintAPI::IO::fopen(char const*, FlintAPI::IO::FileMode)
                0x0000000000080f50                FlintAPI::IO::fread(void*, void*, unsigned int, unsigned int*)
                0x0000000000080fd0                FlintAPI::IO::fwrite(void*, void*, unsigned int, unsigned int*)
                0x0000000000080fe0                FlintAPI::IO::fsize(void*)
                0x0000000000081000                FlintAPI::IO::ftell(void*)
                0x0000000000081020                FlintAPI::IO::fseek(void*, unsigned int)
                0x0000000000081040                FlintAPI::IO::fclose(void*)
                0x0000000000081060                FlintAPI::IO::fremove(char const*)
                0x0000000000081070                FlintAPI::IO::frename(char const*, char const*)
                0x0000000000081080                FlintAPI::IO::opendir(char const*)
                0x0000000000081090                FlintAPI::IO::readdir(void*, FlintAPI::IO::FileInfo*)
                0x00000000000810a0                FlintAPI::IO::closedir(void*)
                0x00000000000810b0                FlintAPI::IO::mkdir(char const*)
                0x00000000000810c0                FlintAPI::IO::isStdoutHandle(void*)
 *fill*         0x00000000000810c8        0x8 
 .text          0x00000000000810d0       0x64 ../Src/flint_system_thread_api.o
                0x00000000000810d0                FlintAPI::Thread::create(void (*)(void*), void*, unsigned int)
                0x0000000000081100                FlintAPI::Thread::getCurrentThread()
                0x0000000000081110                FlintAPI::Thread::terminate(void*)
                0x0000000000081120                FlintAPI::Thread::sleep(unsigned int)
                0x0000000000081130                FlintAPI::Thread::yield()
 *fill*         0x0000000000081134        0xc 
 .text          0x0000000000081140     0x5564 ../../../libwvm.a(flint.o)
                0x00000000000817a0                Flint::updateHeapRegion(void*)
                0x00000000000817d0                Flint::resetHeapRegion()
                0x00000000000817f0                Flint::isHeapPointer(void*)
                0x0000000000081830                Flint::free(void*)
                0x0000000000081860                Flint::lock()
                0x0000000000081870                Flint::unlock()
                0x0000000000081880                Flint::getDebugger()
                0x0000000000081890                Flint::setDebugger(FDbg*)
                0x00000000000818a0                Flint::consoleWrite(unsigned char*, unsigned int)
                0x00000000000818c0                Flint::print(long)
                0x0000000000081970                Flint::print(char const*)
                0x00000000000819c0                Flint::print(JString*)
                0x0000000000081af0                Flint::println()
                0x0000000000081b20                Flint::println(long)
                0x0000000000081b60                Flint::println(char const*)
                0x0000000000081be0                Flint::println(JString*)
                0x0000000000081c20                Flint::getCwd()
                0x0000000000081c30                Flint::setCwd(char const*)
                0x0000000000081c40                Flint::getClassPaths()
                0x0000000000081c50                Flint::setClassPaths(char const*)
                0x0000000000081c60                Flint::freeExecution(FExec*)
                0x0000000000081cf0                Flint::clearProtLv2Recursion(JObject*)
                0x0000000000081e40                Flint::makeToGlobal(JObject*)
                0x0000000000081eb0                Flint::clearProtLv2(JObject*)
                0x0000000000081ef0                Flint::clearMarkRecursion(JObject*)
                0x0000000000082020                Flint::markObjectRecursion(JObject*)
                0x0000000000082230                Flint::isObject(void*)
                0x00000000000822a0                Flint::isRunning()
                0x00000000000822c0                Flint::stopRequest()
                0x0000000000082310                Flint::terminateRequest()
                0x0000000000082360                Flint::terminate()
                0x00000000000823d0                Flint::freeObject(JObject*)
                0x0000000000082480                Flint::gc()
                0x0000000000082ab0                Flint::freeAllObject()
                0x0000000000083130                Flint::clearAllStaticFields()
                0x0000000000083510                Flint::freeAllExecution()
                0x00000000000835e0                Flint::freeAllClassLoader()
                0x0000000000083a50                Flint::freeAllConstUtf8()
                0x0000000000083e30                Flint::freeAll()
                0x00000000000844c0                Flint::reset()
                0x0000000000084650                Flint::getClassOfClass(FExec*)
                0x0000000000084670                Flint::newClass(FExec*, char const*, unsigned short, unsigned char)
                0x0000000000084970                Flint::findClass(FExec*, char const*, unsigned short, bool)
                0x0000000000084b00                Flint::malloc(FExec*, unsigned int)
                0x0000000000084c10                Flint::getUtf8(FExec*, char const*, unsigned short)
                0x0000000000084d90                Flint::getArrayClassName(FExec*, char const*, unsigned char)
                0x00000000000850c0                Flint::newExecution(FExec*, JThread*, unsigned int)
                0x0000000000085170                Flint::newObject(FExec*, JClass*)
                0x0000000000085280                Flint::realloc(FExec*, void*, unsigned int)
                0x0000000000085350                Flint::newArray(FExec*, JClass*, unsigned int)
                0x0000000000085470                Flint::newMultiArray(FExec*, JClass*, long*, unsigned char)
                0x00000000000855d0                Flint::newString(FExec*, char const*)
                0x0000000000085640                Flint::newAscii(FExec*, char const*, std::__va_list)
                0x00000000000856c0                Flint::findLoader(FExec*, char const*, unsigned short)
                0x0000000000085830                Flint::isAssignableFrom(FExec*, JClass*, JClass*)
                0x0000000000085af0                Flint::isInstanceof(FExec*, JObject*, JClass*)
                0x0000000000085b40                Flint::newClassOfClass(FExec*)
                0x0000000000085c60                Flint::findMethod(FExec*, JClass*, ConstNameAndType*)
                0x0000000000085d60                Flint::runToMain(char const*)
                0x0000000000085de0                Flint::newAscii(FExec*, char const*, ...)
                0x0000000000085eb0                Flint::newClassOfArray(FExec*, char const*, unsigned char)
                0x0000000000085ef0                Flint::findClassOfArray(FExec*, char const*, unsigned char)
                0x0000000000086190                Flint::getPrimitiveClass(FExec*, char const*, unsigned short)
                0x0000000000086360                Flint::getConstString(FExec*, char const*)
                0x0000000000086540                Flint::getConstString(FExec*, JString*)
 *fill*         0x00000000000866a4        0xc 
 .text._ZN5FDictI12Utf8DictNodeE6insertEP8DictNodeS3_
                0x00000000000866b0      0x358 ../../../libwvm.a(flint.o)
                0x00000000000866b0                FDict<Utf8DictNode>::insert(DictNode*, DictNode*)
 *fill*         0x0000000000086a08        0x8 
 .text._ZN5FDictI11ClassLoaderE6insertEP8DictNodeS3_
                0x0000000000086a10      0x358 ../../../libwvm.a(flint.o)
                0x0000000000086a10                FDict<ClassLoader>::insert(DictNode*, DictNode*)
 *fill*         0x0000000000086d68        0x8 
 .text._ZN5FDictI14JClassDictNodeE6insertEP8DictNodeS3_
                0x0000000000086d70      0x358 ../../../libwvm.a(flint.o)
                0x0000000000086d70                FDict<JClassDictNode>::insert(DictNode*, DictNode*)
 *fill*         0x00000000000870c8        0x8 
 .text._ZN5FDictI15JStringDictNodeE6insertEP8DictNodeS3_
                0x00000000000870d0      0x358 ../../../libwvm.a(flint.o)
                0x00000000000870d0                FDict<JStringDictNode>::insert(DictNode*, DictNode*)
 *fill*         0x0000000000087428        0x8 
 .text.startup  0x0000000000087430       0x3c ../../../libwvm.a(flint.o)
 *fill*         0x000000000008746c        0x4 
 .text          0x0000000000087470      0x170 ../../../libwvm.a(flint_utf8.o)
                0x0000000000087470                Utf8DecodeSizeOneChar(char)
                0x00000000000874a0                Utf8EncodeSize(unsigned short)
                0x00000000000874d0                Utf8DecodeOneChar(char const*)
                0x0000000000087530                Utf8EncodeOneChar(unsigned short, char*)
                0x00000000000875a0                Utf8StrLen(char const*)
 .text          0x00000000000875e0     0x7e98 ../../../libwvm.a(flint_execution.o)
                0x0000000000088ba0                FExec::FExec(JThread*, unsigned int)
                0x0000000000088ba0                FExec::FExec(JThread*, unsigned int)
                0x0000000000088bd0                FExec::stackPushInt32(int)
                0x0000000000088bf0                FExec::stackPushInt64(long)
                0x0000000000088c20                FExec::stackPushFloat(float)
                0x0000000000088c40                FExec::stackPushDouble(double)
                0x0000000000088c70                FExec::stackPushObject(JObject*)
                0x0000000000088cc0                FExec::stackPopInt32()
                0x0000000000088ce0                FExec::stackPopInt64()
                0x0000000000088d00                FExec::stackPopFloat()
                0x0000000000088d20                FExec::stackPopDouble()
                0x0000000000088d40                FExec::stackPopObject()
                0x0000000000088d60                FExec::getStackTrace(StackFrame*, int) const
                0x0000000000088db0                FExec::getStackTrace(unsigned int, StackFrame*, bool*) const
                0x0000000000088ec0                FExec::readLocal(unsigned int, unsigned int, unsigned int*, bool*) const
                0x0000000000088f70                FExec::readLocal(unsigned int, unsigned int, unsigned long*) const
                0x0000000000088fe0                FExec::stackPushArgs(unsigned int, std::__va_list)
                0x00000000000890f0                FExec::stackSaveContext()
                0x0000000000089130                FExec::stackRestoreContext()
                0x00000000000891a0                FExec::restoreContext()
                0x0000000000089260                FExec::initExitPoint(MethodInfo*)
                0x00000000000892a0                FExec::unlockClass(ClassLoader*)
                0x00000000000892d0                FExec::unlockObject(JObject*)
                0x0000000000089300                FExec::getCallerClass()
                0x0000000000089330                FExec::throwNew(JClass*, char const*, ...)
                0x0000000000089450                FExec::initNewContext(MethodInfo*, unsigned short)
                0x0000000000089530                FExec::lockClass(ClassLoader*)
                0x00000000000895e0                FExec::lockObject(JObject*)
                0x0000000000089690                FExec::invokeNativeMethod(MethodInfo*, unsigned char)
                0x0000000000089930                FExec::invoke(MethodInfo*, unsigned char)
                0x0000000000089a50                FExec::run(MethodInfo*, unsigned int, ...)
                0x0000000000089c00                FExec::invokeStaticCtor(ClassLoader*)
                0x0000000000089d20                FExec::invokeStatic(ConstMethod*)
                0x0000000000089e00                FExec::invokeSpecial(ConstMethod*)
                0x0000000000089f00                FExec::invokeVirtual(ConstMethod*)
                0x000000000008a070                FExec::invokeInterface(ConstMethod*, unsigned char)
                0x000000000008a1e0                FExec::exec(bool)
                0x000000000008ee50                FExec::runTask(FExec*)
                0x000000000008ef10                FExec::callMethod(MethodInfo*, unsigned char)
                0x000000000008f2c0                FExec::vThrowNew(JClass*, char const*, std::__va_list)
                0x000000000008f3b0                FExec::hasException() const
                0x000000000008f3c0                FExec::stopRequest()
                0x000000000008f3d0                FExec::terminateRequest()
                0x000000000008f3e0                FExec::hasTerminateRequest() const
                0x000000000008f400                FExec::getOnwerThread()
 *fill*         0x000000000008f478        0x8 
 .text          0x000000000008f480      0x720 ../../../libwvm.a(flint_fields_data.o)
                0x000000000008f480                FieldValue::FieldValue(FieldInfo const*)
                0x000000000008f480                FieldValue::FieldValue(FieldInfo const*)
                0x000000000008f490                FieldValue::getFieldInfo() const
                0x000000000008f4a0                FieldValue::getInt32() const
                0x000000000008f4b0                FieldValue::getObj() const
                0x000000000008f4c0                FieldValue::getInt64() const
                0x000000000008f4d0                FieldValue::setInt32(int)
                0x000000000008f4e0                FieldValue::setObj(JObject*)
                0x000000000008f4f0                FieldValue::setInt64(long)
                0x000000000008f500                FieldsData::FieldsData()
                0x000000000008f500                FieldsData::FieldsData()
                0x000000000008f510                FieldsData::initStatic(FExec*, ClassLoader*)
                0x000000000008f6c0                FieldsData::initNonStatic(FExec*, ClassLoader*)
                0x000000000008f8d0                FieldsData::init(FExec*, ClassLoader*, bool)
                0x000000000008f920                FieldsData::hasObjField() const
                0x000000000008f930                FieldsData::getField(ConstField*) const
                0x000000000008fa80                FieldsData::getField(char const*) const
                0x000000000008fb80                FieldsData::getFieldByIndex(unsigned int) const
                0x000000000008fb90                FieldsData::~FieldsData()
                0x000000000008fb90                FieldsData::~FieldsData()
 .text          0x000000000008fba0      0x1f4 ../../../libwvm.a(flint_method_info.o)
                0x000000000008fba0                ExceptionTable::ExceptionTable(unsigned short, unsigned short, unsigned short, unsigned short)
                0x000000000008fba0                ExceptionTable::ExceptionTable(unsigned short, unsigned short, unsigned short, unsigned short)
                0x000000000008fbc0                MethodInfo::MethodInfo(ClassLoader*, MethodAccessFlag, char const*, char const*)
                0x000000000008fbc0                MethodInfo::MethodInfo(ClassLoader*, MethodAccessFlag, char const*, char const*)
                0x000000000008fc60                MethodInfo::getReturnType()
                0x000000000008fca0                MethodInfo::getCode()
                0x000000000008fcf0                MethodInfo::getCodeLength() const
                0x000000000008fd10                MethodInfo::getMaxLocals() const
                0x000000000008fd30                MethodInfo::getMaxStack() const
                0x000000000008fd50                MethodInfo::getExceptionLength() const
                0x000000000008fd70                MethodInfo::getException(unsigned short) const
 *fill*         0x000000000008fd94        0xc 
 .text          0x000000000008fda0      0x128 ../../../libwvm.a(flint_const_pool.o)
                0x000000000008fda0                ConstNameAndType::operator==(ConstNameAndType&) const
                0x000000000008fe10                ConstNameAndType::operator!=(ConstNameAndType&) const
                0x000000000008fe80                ConstField::ConstField(char const*, ConstNameAndType*)
                0x000000000008fe80                ConstField::ConstField(char const*, ConstNameAndType*)
                0x000000000008fe90                ConstMethod::ConstMethod(char const*, ConstNameAndType*)
                0x000000000008fe90                ConstMethod::ConstMethod(char const*, ConstNameAndType*)
                0x000000000008fec0                ConstMethod::getArgc() const
 *fill*         0x000000000008fec8        0x8 
 .text          0x000000000008fed0     0x2904 ../../../libwvm.a(flint_class_loader.o)
                0x000000000008fed0                ClassLoader::getHashKey() const
                0x000000000008fee0                ClassLoader::compareKey(DictNode*) const
                0x000000000008ffe0                ClassLoader::compareKey(char const*, unsigned short) const
                0x00000000000904e0                ClassLoader::ClassLoader()
                0x00000000000904e0                ClassLoader::ClassLoader()
                0x0000000000090530                ClassLoader::load(FExec*, void*)
                0x0000000000091080                ClassLoader::readAttributeCode(FExec*, void*)
                0x00000000000913d0                ClassLoader::getConstPoolTag(unsigned short) const
                0x00000000000913f0                ClassLoader::getConstInteger(unsigned short) const
                0x0000000000091400                ClassLoader::getConstFloat(unsigned short) const
                0x0000000000091410                ClassLoader::getConstLong(unsigned short) const
                0x0000000000091430                ClassLoader::getConstDouble(unsigned short) const
                0x0000000000091450                ClassLoader::getConstUtf8(unsigned short) const
                0x0000000000091460                ClassLoader::getConstClassName(unsigned short) const
                0x0000000000091480                ClassLoader::getConstNameAndType(FExec*, unsigned short)
                0x0000000000091610                ClassLoader::getConstField(FExec*, unsigned short)
                0x0000000000091740                ClassLoader::getConstMethod(FExec*, unsigned short)
                0x0000000000091870                ClassLoader::getConstInterfaceMethod(FExec*, unsigned short)
                0x00000000000919a0                ClassLoader::getConstString(FExec*, unsigned short)
                0x0000000000091a50                ClassLoader::getConstClass(FExec*, unsigned short)
                0x0000000000091b00                ClassLoader::getAccessFlag() const
                0x0000000000091b10                ClassLoader::getName() const
                0x0000000000091b30                ClassLoader::getSuperClassName() const
                0x0000000000091b60                ClassLoader::getThisClass(FExec*)
                0x0000000000091c10                ClassLoader::getSuperClass(FExec*)
                0x0000000000091cd0                ClassLoader::getInterfacesCount() const
                0x0000000000091ce0                ClassLoader::getInterface(unsigned short) const
                0x0000000000091d00                ClassLoader::getFieldsCount() const
                0x0000000000091d10                ClassLoader::getFieldInfo(unsigned short) const
                0x0000000000091d20                ClassLoader::getMethodsCount() const
                0x0000000000091d30                ClassLoader::getMethodInfo(FExec*, unsigned char)
                0x0000000000091f00                ClassLoader::getMethodInfo(FExec*, ConstNameAndType*)
                0x0000000000091fe0                ClassLoader::getMethodInfo(FExec*, char const*, char const*)
                0x0000000000092150                ClassLoader::getMainMethodInfo(FExec*)
                0x0000000000092160                ClassLoader::getStaticCtor(FExec*)
                0x0000000000092170                ClassLoader::hasStaticField() const
                0x0000000000092180                ClassLoader::hasStaticCtor() const
                0x0000000000092190                ClassLoader::getNestHost(FExec*)
                0x00000000000921b0                ClassLoader::getNestMembersCount() const
                0x00000000000921c0                ClassLoader::getNestMember(FExec*, unsigned short)
                0x0000000000092290                ClassLoader::hasStaticObjField() const
                0x00000000000922b0                ClassLoader::getStaticField(FExec*, ConstField*) const
                0x0000000000092350                ClassLoader::getStaticField(FExec*, char const*) const
                0x0000000000092410                ClassLoader::getStaticFieldByIndex(unsigned int) const
                0x0000000000092420                ClassLoader::getStaticInitStatus() const
                0x0000000000092440                ClassLoader::staticInitialized()
                0x0000000000092450                ClassLoader::initStaticFields(FExec*)
                0x00000000000924c0                ClassLoader::clearStaticFields()
                0x0000000000092500                ClassLoader::~ClassLoader()
                0x0000000000092500                ClassLoader::~ClassLoader()
                0x0000000000092670                ClassLoader::load(FExec*, char const*, unsigned short)
 *fill*         0x00000000000927d4        0xc 
 .text          0x00000000000927e0      0x42c ../../../libwvm.a(flint_common.o)
                0x00000000000927e0                Swap16(unsigned short)
                0x00000000000927f0                Swap32(unsigned int)
                0x0000000000092800                Swap64(unsigned long)
                0x0000000000092810                Crc(unsigned char const*, unsigned int)
                0x0000000000092860                UnixTime(unsigned short, unsigned char, unsigned char, unsigned char, unsigned char, unsigned char)
                0x0000000000092910                GetPathSeparatorChar()
                0x0000000000092920                IsAbsolutePath(char const*, unsigned short)
                0x0000000000092940                ResolvePath(char const*, unsigned short, char*, unsigned short)
                0x0000000000092a70                GetNextArgName(char const*)
                0x0000000000092ad0                GetArgNameLength(char const*)
                0x0000000000092b20                GetArgCount(char const*)
                0x0000000000092b90                GetArgSlotCount(char const*)
 *fill*         0x0000000000092c0c        0x4 
 .text          0x0000000000092c10      0x348 ../../../libwvm.a(flint_array_object.o)
                0x0000000000092c10                JArray::getLength() const
                0x0000000000092c40                JArray::getSizeInByte() const
                0x0000000000092c50                JArray::componentSize() const
                0x0000000000092c60                JArray::getCompTypeName(unsigned short*)
                0x0000000000092e50                JArray::getData() const
                0x0000000000092e60                JArray::clearArray()
                0x0000000000092e70                JInt8Array::getLength() const
                0x0000000000092e80                JInt8Array::getData() const
                0x0000000000092e90                JInt16Array::getLength() const
                0x0000000000092ea0                JInt16Array::getData() const
                0x0000000000092eb0                JUInt16Array::getData() const
                0x0000000000092ec0                JInt32Array::getLength() const
                0x0000000000092ed0                JInt32Array::getData() const
                0x0000000000092ee0                JFloatArray::getLength() const
                0x0000000000092ef0                JFloatArray::getData() const
                0x0000000000092f00                JInt64Array::getLength() const
                0x0000000000092f10                JInt64Array::getData() const
                0x0000000000092f20                JDoubleArray::getLength() const
                0x0000000000092f30                JDoubleArray::getData() const
                0x0000000000092f40                JObjectArray::getLength() const
                0x0000000000092f50                JObjectArray::getData() const
 *fill*         0x0000000000092f58        0x8 
 .text          0x0000000000092f60      0x358 ../../../libwvm.a(flint_java_class.o)
                0x0000000000092f60                JClass::JClass(char const*, ClassLoader*)
                0x0000000000092f60                JClass::JClass(char const*, ClassLoader*)
                0x0000000000092fa0                JClass::getTypeName() const
                0x0000000000092fb0                JClass::getClassLoader() const
                0x0000000000092fc0                JClass::isPrimitive(char const*, unsigned short)
                0x00000000000931c0                JClass::isPrimitive() const
                0x00000000000931d0                JClass::isArray() const
                0x00000000000931f0                JClass::getNestHost(FExec*)
                0x0000000000093220                JClass::getNestMembersCount() const
                0x0000000000093230                JClass::getNestMember(FExec*, unsigned short)
                0x0000000000093240                JClass::componentSize() const
                0x00000000000932b0                JClass::size()
 *fill*         0x00000000000932b8        0x8 
 .text          0x00000000000932c0      0x2c0 ../../../libwvm.a(flint_java_object.o)
                0x00000000000932c0                JObject::JObject(unsigned int, JClass*)
                0x00000000000932c0                JObject::JObject(unsigned int, JClass*)
                0x00000000000932f0                JObject::getTypeName() const
                0x0000000000093310                JObject::initFields(FExec*, ClassLoader*)
                0x0000000000093360                JObject::getField(FExec*, ConstField*) const
                0x0000000000093400                JObject::getField(FExec*, char const*) const
                0x00000000000934b0                JObject::getFieldByIndex(unsigned int) const
                0x00000000000934c0                JObject::clearData()
                0x00000000000934e0                JObject::isArray() const
                0x0000000000093500                JObject::clearProtected()
                0x0000000000093510                JObject::setProtected()
                0x0000000000093530                JObject::getProtected() const
                0x0000000000093540                JObject::~JObject()
                0x0000000000093540                JObject::~JObject()
 .text          0x0000000000093580       0x98 ../../../libwvm.a(flint_java_throwable.o)
                0x0000000000093580                JThrowable::getDetailMessage() const
                0x00000000000935a0                JThrowable::setDetailMessage(JString*)
                0x00000000000935d0                JThrowable::getCause() const
                0x00000000000935f0                JThrowable::setCause(JThrowable*)
 *fill*         0x0000000000093618        0x8 
 .text          0x0000000000093620      0x8f8 ../../../libwvm.a(flint_java_string.o)
                0x0000000000093620                JString::setUtf8(FExec*, char const*)
                0x0000000000093800                JString::setAscii(FExec*, char const*, std::__va_list)
                0x00000000000939a0                JString::getValue() const
                0x00000000000939c0                JString::getAscii() const
                0x00000000000939e0                JString::setValue(JInt8Array*)
                0x0000000000093a10                JString::getLength() const
                0x0000000000093a70                JString::getCoder() const
                0x0000000000093a90                JString::setCoder(unsigned char)
                0x0000000000093ac0                JString::getHashCode()
                0x0000000000093c20                JString::getCharAt(unsigned int) const
                0x0000000000093cb0                JString::compareTo(JString*) const
                0x0000000000093d70                JString::compareTo(char const*, unsigned short) const
                0x0000000000093e70                JString::getHash() const
                0x0000000000093e90                JString::setHash(unsigned int)
                0x0000000000093ec0                JString::getHashIsZero() const
                0x0000000000093ef0                JString::setHashIsZero(bool)
 *fill*         0x0000000000093f18        0x8 
 .text          0x0000000000093f20      0x138 ../../../libwvm.a(flint_java_class_dict_node.o)
                0x0000000000093f20                JClassDictNode::getHashKey() const
                0x0000000000093f30                JClassDictNode::compareKey(DictNode*) const
                0x0000000000093f70                JClassDictNode::compareKey(char const*, unsigned short) const
                0x0000000000093fb0                JClassDictNode::JClassDictNode(JClass*)
                0x0000000000093fb0                JClassDictNode::JClassDictNode(JClass*)
                0x0000000000094050                JClassDictNode::getClass() const
 *fill*         0x0000000000094058        0x8 
 .text          0x0000000000094060       0x58 ../../../libwvm.a(flint_java_string_dict_node.o)
                0x0000000000094060                JStringDictNode::getHashKey() const
                0x0000000000094070                JStringDictNode::compareKey(char const*, unsigned short) const
                0x0000000000094080                JStringDictNode::compareKey(DictNode*) const
                0x0000000000094090                JStringDictNode::JStringDictNode(JString*)
                0x0000000000094090                JStringDictNode::JStringDictNode(JString*)
                0x00000000000940b0                JStringDictNode::getString() const
 *fill*         0x00000000000940b8        0x8 
 .text          0x00000000000940c0       0xe8 ../../../libwvm.a(flint_utf8_dict_node.o)
                0x00000000000940c0                Utf8DictNode::getHashKey() const
                0x00000000000940d0                Utf8DictNode::compareKey(char const*, unsigned short) const
                0x00000000000940e0                Utf8DictNode::compareKey(DictNode*) const
                0x00000000000940f0                Utf8DictNode::Utf8DictNode()
                0x00000000000940f0                Utf8DictNode::Utf8DictNode()
                0x0000000000094110                Utf8DictNode::Utf8DictNode(char const*, unsigned short)
                0x0000000000094110                Utf8DictNode::Utf8DictNode(char const*, unsigned short)
                0x00000000000941a0                Utf8DictNode::getValue() const
 *fill*         0x00000000000941a8        0x8 
 .text          0x00000000000941b0      0x104 ../../../libwvm.a(flint_mutex.o)
                0x00000000000941b0                FMutex::FMutex()
                0x00000000000941b0                FMutex::FMutex()
                0x00000000000941c0                FMutex::lock()
                0x0000000000094260                FMutex::unlock()
 *fill*         0x00000000000942b4        0xc 
 .text          0x00000000000942c0     0x3008 ../../../libwvm.a(flint_debugger.o)
                0x00000000000942c0                BreakPoint::BreakPoint()
                0x00000000000942c0                BreakPoint::BreakPoint()
                0x00000000000942d0                BreakPoint::BreakPoint(unsigned char, unsigned int, MethodInfo*)
                0x00000000000942d0                BreakPoint::BreakPoint(unsigned char, unsigned int, MethodInfo*)
                0x00000000000942e0                StackFrame::StackFrame()
                0x00000000000942e0                StackFrame::StackFrame()
                0x00000000000942f0                StackFrame::StackFrame(unsigned int, unsigned int, MethodInfo*)
                0x00000000000942f0                StackFrame::StackFrame(unsigned int, unsigned int, MethodInfo*)
                0x0000000000094300                FDbg::FDbg()
                0x0000000000094300                FDbg::FDbg()
                0x0000000000094370                FDbg::consoleWrite(unsigned char*, unsigned int)
                0x0000000000094420                FDbg::consolePut(unsigned char)
                0x00000000000944b0                FDbg::consoleClear()
                0x00000000000944c0                FDbg::clearTxBuffer()
                0x00000000000944d0                FDbg::initDataFrame(DbgCmd, DbgRespCode, unsigned int)
                0x0000000000094520                FDbg::dataFrameAppend(unsigned char)
                0x00000000000945c0                FDbg::dataFrameAppend(unsigned short)
                0x0000000000094650                FDbg::dataFrameAppend(unsigned int)
                0x0000000000094700                FDbg::dataFrameAppend(unsigned long)
                0x00000000000947f0                FDbg::dataFrameAppend(unsigned char*, unsigned short)
                0x00000000000948b0                FDbg::dataFrameAppend(char const*)
                0x0000000000094990                FDbg::dataFrameFinish()
                0x0000000000095760                FDbg::sendRespCode(DbgCmd, DbgRespCode)
                0x0000000000095800                FDbg::responseInfo()
                0x00000000000958c0                FDbg::responseStatus()
                0x0000000000095970                FDbg::responseStackTrace(unsigned int)
                0x00000000000959a0                FDbg::responseExceptionInfo()
                0x00000000000959d0                FDbg::responseLocalVariable(unsigned int, unsigned int, unsigned char)
                0x0000000000095a00                FDbg::responseField(JObject*, char const*)
                0x0000000000095a30                FDbg::responseArray(JObject*, unsigned int, unsigned int)
                0x0000000000095a60                FDbg::responseObjSizeAndType(JObject*)
                0x0000000000095b90                FDbg::responseOpenFile(char*, FlintAPI::IO::FileMode)
                0x0000000000095d00                FDbg::responseReadFile(unsigned int)
                0x0000000000095d30                FDbg::responseWriteFile(unsigned char*, unsigned int)
                0x0000000000095df0                FDbg::responseSeekFile(unsigned int)
                0x0000000000095ea0                FDbg::responseCloseFile()
                0x0000000000095f50                FDbg::responseFileInfo(char const*)
                0x0000000000095f80                FDbg::responseCreateDelete(DbgCmd, char const*)
                0x0000000000096040                FDbg::responseOpenDir(char const*)
                0x00000000000960e0                FDbg::responseReadDir()
                0x0000000000096110                FDbg::responseCloseDir()
                0x00000000000961c0                FDbg::responseConsoleBuffer()
                0x0000000000096300                FDbg::addBreakPoint(unsigned int, char const*, char const*, char const*)
                0x0000000000096430                FDbg::getSavedOpcode(unsigned int, MethodInfo*)
                0x0000000000096480                FDbg::removeBreakPoint(unsigned int, char const*, char const*, char const*)
                0x00000000000965a0                FDbg::receivedDataHandler(unsigned char*, unsigned int)
                0x0000000000096fd0                FDbg::exceptionIsEnabled()
                0x0000000000096fe0                FDbg::waitStop(FExec*)
                0x0000000000097170                FDbg::checkStop(FExec*)
                0x00000000000971f0                FDbg::caughtException(FExec*)
                0x0000000000097250                FDbg::hitBreakpoint(FExec*)
                0x00000000000972b0                FDbg::lock()
                0x00000000000972c0                FDbg::unlock()
 *fill*         0x00000000000972c8        0x8 
 .text          0x00000000000972d0       0xa8 ../../../libwvm.a(flint_field_info.o)
                0x00000000000972d0                FieldInfo::FieldInfo(FieldAccessFlag, char const*, char const*)
                0x00000000000972d0                FieldInfo::FieldInfo(FieldAccessFlag, char const*, char const*)
                0x0000000000097370                FieldInfo::free(FieldInfo*)
 *fill*         0x0000000000097378        0x8 
 .text          0x0000000000097380      0x24c ../../../../../lib/libcircle.a(actled.o)
                0x0000000000097380                CActLED::CActLED(bool)
                0x0000000000097380                CActLED::CActLED(bool)
                0x0000000000097470                CActLED::~CActLED()
                0x0000000000097470                CActLED::~CActLED()
                0x0000000000097480                CActLED::On()
                0x00000000000974b0                CActLED::Off()
                0x00000000000974f0                CActLED::Blink(unsigned int, unsigned int, unsigned int)
                0x00000000000975c0                CActLED::Get()
 *fill*         0x00000000000975cc        0x4 
 .text          0x00000000000975d0      0x990 ../../../../../lib/libcircle.a(machineinfo.o)
                0x00000000000975d0                CMachineInfo::CMachineInfo()
                0x00000000000975d0                CMachineInfo::CMachineInfo()
                0x0000000000097a20                CMachineInfo::~CMachineInfo()
                0x0000000000097a20                CMachineInfo::~CMachineInfo()
                0x0000000000097a40                CMachineInfo::GetMachineModel() const
                0x0000000000097a50                CMachineInfo::GetMachineName() const
                0x0000000000097a70                CMachineInfo::GetModelMajor() const
                0x0000000000097a80                CMachineInfo::GetModelRevision() const
                0x0000000000097a90                CMachineInfo::GetSoCType() const
                0x0000000000097aa0                CMachineInfo::GetSoCStepping() const
                0x0000000000097ab0                CMachineInfo::GetRAMSize() const
                0x0000000000097ac0                CMachineInfo::GetSoCName() const
                0x0000000000097ae0                CMachineInfo::GetRevisionRaw() const
                0x0000000000097af0                CMachineInfo::GetActLEDInfo() const
                0x0000000000097b10                CMachineInfo::GetClockRate(unsigned int) const
                0x0000000000097c80                CMachineInfo::GetGPIOPin(TGPIOVirtualPin) const
                0x0000000000097d00                CMachineInfo::GetGPIOClockSourceRate(unsigned int)
                0x0000000000097d60                CMachineInfo::GetDevice(TDeviceId) const
                0x0000000000097da0                CMachineInfo::ArePWMChannelsSwapped() const
                0x0000000000097dd0                CMachineInfo::AllocateDMAChannel(unsigned int)
                0x0000000000097ea0                CMachineInfo::FreeDMAChannel(unsigned int)
                0x0000000000097f30                CMachineInfo::Get()
 .text          0x0000000000097f60      0x1ec ../../../../../lib/libcircle.a(sysinit.o)
                0x0000000000097f60                __aeabi_atexit
                0x0000000000097f70                __cxa_atexit
                0x0000000000097f80                __errno
                0x0000000000097f90                set_qemu_exit_status
                0x0000000000097fa0                halt
                0x0000000000097fc0                error_halt
                0x0000000000098000                reboot
                0x0000000000098020                sysinit
 *fill*         0x000000000009814c        0x4 
 .text          0x0000000000098150     0x1030 ../../../../../lib/libcircle.a(timer.o)
                0x0000000000098150                CTimer::CTimer(CInterruptSystem*)
                0x0000000000098150                CTimer::CTimer(CInterruptSystem*)
                0x00000000000981d0                CTimer::~CTimer()
                0x00000000000981d0                CTimer::~CTimer()
                0x00000000000982c0                CTimer::SetTimeZone(int)
                0x00000000000982e0                CTimer::GetTimeZone() const
                0x00000000000982f0                CTimer::SetTime(unsigned int, bool)
                0x0000000000098390                CTimer::GetClockTicks()
                0x00000000000983b0                CTimer::GetClockTicks64()
                0x00000000000983d0                CTimer::GetTicks() const
                0x00000000000983e0                CTimer::GetUptime() const
                0x00000000000983f0                CTimer::GetUptime(unsigned int*, unsigned int*)
                0x00000000000984c0                CTimer::GetTime() const
                0x00000000000984d0                CTimer::GetLocalTime(unsigned int*, unsigned int*)
                0x00000000000985a0                CTimer::GetUniversalTime() const
                0x00000000000985c0                CTimer::GetUniversalTime(unsigned int*, unsigned int*)
                0x00000000000986c0                CTimer::GetTimeString()
                0x00000000000988f0                CTimer::StartKernelTimer(unsigned int, void (*)(unsigned long, void*, void*), void*, void*)
                0x0000000000098a50                CTimer::CancelKernelTimer(unsigned long)
                0x0000000000098b10                CTimer::PollKernelTimers()
                0x0000000000098c50                CTimer::InterruptHandler()
                0x0000000000098d60                CTimer::InterruptHandler(void*)
                0x0000000000098d90                CTimer::TuneMsDelay()
                0x0000000000098e40                CTimer::Initialize()
                0x0000000000098f20                CTimer::RegisterUpdateTimeHandler(bool (*)(unsigned int, unsigned int))
                0x0000000000098f70                CTimer::RegisterPeriodicHandler(void (*)())
                0x0000000000098fe0                CTimer::SimpleMsDelay(unsigned int)
                0x0000000000099040                CTimer::SimpleusDelay(unsigned int)
                0x0000000000099090                CTimer::IsLeapYear(unsigned int)
                0x00000000000990e0                CTimer::GetDaysOfMonth(unsigned int, unsigned int)
                0x0000000000099150                CTimer::Get()
 .text          0x0000000000099180      0x788 ../../../../../lib/libcircle.a(util.o)
                0x0000000000099180                memmove
                0x00000000000991c0                memcmp
                0x0000000000099210                strlen
                0x0000000000099240                strcmp
                0x00000000000992b0                strcasecmp
                0x0000000000099340                strncmp
                0x00000000000993b0                strncasecmp
                0x0000000000099450                strcpy
                0x0000000000099480                strncpy
                0x00000000000994b0                strcat
                0x00000000000994f0                strncat
                0x0000000000099550                strchr
                0x0000000000099580                strstr
                0x00000000000995d0                strtok_r
                0x00000000000996a0                strtoul
                0x0000000000099830                strtoull
                0x0000000000099840                atoi
                0x0000000000099860                char2int
                0x0000000000099870                ether_crc
 .text          0x0000000000099908       0xb0 ../../../../../lib/libcircle.a(util_fast.o)
                0x0000000000099908                memset
                0x0000000000099958                memcpy
 *fill*         0x00000000000999b8        0x8 
 .text          0x00000000000999c0      0x2bc ../../../../../lib/libcircle.a(virtualgpiopin.o)
                0x00000000000999c0                CVirtualGPIOPin::~CVirtualGPIOPin()
                0x00000000000999c0                CVirtualGPIOPin::~CVirtualGPIOPin()
                0x00000000000999d0                CVirtualGPIOPin::~CVirtualGPIOPin()
                0x00000000000999e0                CVirtualGPIOPin::Write(unsigned int)
                0x0000000000099b00                CVirtualGPIOPin::CVirtualGPIOPin(unsigned int, bool)
                0x0000000000099b00                CVirtualGPIOPin::CVirtualGPIOPin(unsigned int, bool)
                0x0000000000099c70                CVirtualGPIOPin::Invert()
 *fill*         0x0000000000099c7c        0x4 
 .text.startup  0x0000000000099c80        0xc ../../../../../lib/libcircle.a(virtualgpiopin.o)
 *fill*         0x0000000000099c8c        0x4 
 .text          0x0000000000099c90       0xcc ../../../../../lib/libcircle.a(chainboot.o)
                0x0000000000099ce0                EnableChainBoot
                0x0000000000099d20                IsChainBootEnabled
                0x0000000000099d40                DoChainBoot
 *fill*         0x0000000000099d5c        0x4 
 .text          0x0000000000099d60      0x134 ../../../../../lib/libcircle.a(new.o)
                0x0000000000099d60                operator new(unsigned long, int)
                0x0000000000099d90                operator new[](unsigned long, int)
                0x0000000000099dc0                operator new(unsigned long, void*)
                0x0000000000099dd0                operator new[](unsigned long, void*)
                0x0000000000099de0                operator new(unsigned long)
                0x0000000000099e00                operator new[](unsigned long)
                0x0000000000099e20                operator delete(void*)
                0x0000000000099e40                operator delete[](void*)
                0x0000000000099e60                operator delete(void*, unsigned long)
                0x0000000000099e80                operator delete[](void*, unsigned long)
 *fill*         0x0000000000099e94        0xc 
 .text          0x0000000000099ea0      0x51c ../../../../../lib/libcircle.a(heapallocator.o)
                0x0000000000099ea0                CHeapAllocator::CHeapAllocator(char const*)
                0x0000000000099ea0                CHeapAllocator::CHeapAllocator(char const*)
                0x0000000000099f00                CHeapAllocator::~CHeapAllocator()
                0x0000000000099f00                CHeapAllocator::~CHeapAllocator()
                0x0000000000099f10                CHeapAllocator::Setup(unsigned long, unsigned long, unsigned long)
                0x0000000000099f20                CHeapAllocator::GetFreeSpace() const
                0x0000000000099f30                CHeapAllocator::Allocate(unsigned long)
                0x000000000009a150                CHeapAllocator::Free(void*)
                0x000000000009a2b0                CHeapAllocator::ReAllocate(void*, unsigned long)
 *fill*         0x000000000009a3bc        0x4 
 .text          0x000000000009a3c0      0x270 ../../../../../lib/libcircle.a(bcmpropertytags.o)
                0x000000000009a3c0                CBcmPropertyTags::CBcmPropertyTags(bool)
                0x000000000009a3c0                CBcmPropertyTags::CBcmPropertyTags(bool)
                0x000000000009a3d0                CBcmPropertyTags::~CBcmPropertyTags()
                0x000000000009a3d0                CBcmPropertyTags::~CBcmPropertyTags()
                0x000000000009a3e0                CBcmPropertyTags::GetTags(void*, unsigned int)
                0x000000000009a530                CBcmPropertyTags::GetTag(unsigned int, void*, unsigned int, unsigned int)
 .text          0x000000000009a630      0x208 ../../../../../lib/libcircle.a(bcmmailbox.o)
                0x000000000009a630                CBcmMailBox::CBcmMailBox(unsigned int, bool)
                0x000000000009a630                CBcmMailBox::CBcmMailBox(unsigned int, bool)
                0x000000000009a640                CBcmMailBox::~CBcmMailBox()
                0x000000000009a640                CBcmMailBox::~CBcmMailBox()
                0x000000000009a650                CBcmMailBox::WriteRead(unsigned int)
                0x000000000009a770                CBcmMailBox::Flush()
                0x000000000009a7c0                CBcmMailBox::Read()
                0x000000000009a7f0                CBcmMailBox::Write(unsigned int)
 *fill*         0x000000000009a838        0x8 
 .text.startup  0x000000000009a840        0xc ../../../../../lib/libcircle.a(bcmmailbox.o)
 *fill*         0x000000000009a84c        0x4 
 .text          0x000000000009a850      0x2dc ../../../../../lib/libcircle.a(memory64.o)
                0x000000000009a850                CMemorySystem::Destructor()
                0x000000000009a8b0                CMemorySystem::~CMemorySystem()
                0x000000000009a8b0                CMemorySystem::~CMemorySystem()
                0x000000000009a8e0                CMemorySystem::GetMemSize() const
                0x000000000009a920                CMemorySystem::Get()
                0x000000000009a950                CMemorySystem::EnableMMU()
                0x000000000009a9f0                CMemorySystem::CMemorySystem(bool)
                0x000000000009a9f0                CMemorySystem::CMemorySystem(bool)
                0x000000000009ab20                CMemorySystem::GetCoherentPage(unsigned int)
 .text          0x000000000009ab2c        0x0 ../../../../../lib/libcircle.a(startup64.o)
 *fill*         0x000000000009ab2c        0x4 
 .text          0x000000000009ab30      0x500 ../../../../../lib/libcircle.a(synchronize64.o)
                0x000000000009ab30                CurrentExecutionLevel
                0x000000000009ab50                EnterCritical
                0x000000000009ac10                LeaveCritical
                0x000000000009ac70                InvalidateDataCache
                0x000000000009adc0                InvalidateDataCacheL1Only
                0x000000000009ae00                CleanDataCache
                0x000000000009af50                InvalidateDataCacheRange
                0x000000000009af90                CleanDataCacheRange
                0x000000000009afd0                CleanAndInvalidateDataCacheRange
                0x000000000009b010                SyncDataAndInstructionCache
 .text          0x000000000009b030      0x56c ../../../../../lib/libcircle.a(translationtable64.o)
                0x000000000009b030                CTranslationTable::~CTranslationTable()
                0x000000000009b030                CTranslationTable::~CTranslationTable()
                0x000000000009b040                CTranslationTable::GetBaseAddress() const
                0x000000000009b070                CTranslationTable::CreateLevel3Table(unsigned long)
                0x000000000009b340                CTranslationTable::CTranslationTable(unsigned long)
                0x000000000009b340                CTranslationTable::CTranslationTable(unsigned long)
 *fill*         0x000000000009b59c        0x4 
 .text          0x000000000009b5a0      0x814 ../../../../../lib/libcircle.a(interrupt.o)
                0x000000000009b5a0                CInterruptSystem::CInterruptSystem()
                0x000000000009b5a0                CInterruptSystem::CInterruptSystem()
                0x000000000009b5d0                CInterruptSystem::~CInterruptSystem()
                0x000000000009b5d0                CInterruptSystem::~CInterruptSystem()
                0x000000000009b620                CInterruptSystem::Destructor()
                0x000000000009b670                CInterruptSystem::Initialize()
                0x000000000009b6c0                CInterruptSystem::ConnectFIQ(unsigned int, void (*)(void*), void*)
                0x000000000009b800                CInterruptSystem::DisconnectFIQ()
                0x000000000009b8c0                CInterruptSystem::EnableIRQ(unsigned int)
                0x000000000009b970                CInterruptSystem::ConnectIRQ(unsigned int, void (*)(void*), void*)
                0x000000000009b9f0                CInterruptSystem::DisableIRQ(unsigned int)
                0x000000000009baa0                CInterruptSystem::DisconnectIRQ(unsigned int)
                0x000000000009bb40                CInterruptSystem::EnableFIQ(unsigned int)
                0x000000000009bb80                CInterruptSystem::DisableFIQ()
                0x000000000009bb90                CInterruptSystem::Get()
                0x000000000009bbc0                CInterruptSystem::CallIRQHandler(unsigned int)
                0x000000000009bc20                CInterruptSystem::InterruptHandler()
                0x000000000009bdb0                InterruptHandler
 *fill*         0x000000000009bdb4        0xc 
 .text          0x000000000009bdc0      0x134 ../../../../../lib/libcircle.a(alloc.o)
                0x000000000009bdc0                malloc
                0x000000000009bde0                memalign
                0x000000000009be20                free
                0x000000000009be40                calloc
                0x000000000009beb0                realloc
                0x000000000009bed0                palloc
                0x000000000009bee0                pfree
 *fill*         0x000000000009bef4        0xc 
 .text          0x000000000009bf00       0x8c ../../../../../lib/libcircle.a(assert.o)
                0x000000000009bf00                assertion_failed
 *fill*         0x000000000009bf8c        0x4 
 .text          0x000000000009bf90      0x1d4 ../../../../../lib/libcircle.a(debug.o)
                0x000000000009bf90                debug_hexdump(void const*, unsigned int, char const*)
                0x000000000009c0c0                debug_stacktrace(unsigned long const*, char const*)
 *fill*         0x000000000009c164       0x1c 
 .text          0x000000000009c180       0x14 ../../../../../lib/libcircle.a(delayloop.o)
                0x000000000009c180                DelayLoop
 *fill*         0x000000000009c194        0xc 
 .text          0x000000000009c1a0      0xa24 ../../../../../lib/libcircle.a(logger.o)
                0x000000000009c1a0                CLogger::CLogger(unsigned int, CTimer*, bool)
                0x000000000009c1a0                CLogger::CLogger(unsigned int, CTimer*, bool)
                0x000000000009c200                CLogger::~CLogger()
                0x000000000009c200                CLogger::~CLogger()
                0x000000000009c290                CLogger::SetNewTarget(CDevice*)
                0x000000000009c2a0                CLogger::Get()
                0x000000000009c320                CLogger::Write(char const*)
                0x000000000009c420                CLogger::WriteNoAlloc(char const*, TLogSeverity, char const*)
                0x000000000009c520                CLogger::Read(void*, unsigned int, bool)
                0x000000000009c5f0                CLogger::WriteEvent(char const*, TLogSeverity, char const*)
                0x000000000009c760                CLogger::ReadEvent(TLogSeverity*, char*, char*, long*, unsigned int*, int*)
                0x000000000009c880                CLogger::RegisterEventNotificationHandler(void (*)())
                0x000000000009c890                CLogger::RegisterPanicHandler(void (*)())
                0x000000000009c8a0                CLogger::WriteV(char const*, TLogSeverity, char const*, std::__va_list)
                0x000000000009ca50                CLogger::Write(char const*, TLogSeverity, char const*, ...)
                0x000000000009cab0                CLogger::Initialize(CDevice*)
 *fill*         0x000000000009cbc4        0xc 
 .text          0x000000000009cbd0      0x488 ../../../../../lib/libcircle.a(ptrlist.o)
                0x000000000009cbd0                CPtrList::CPtrList()
                0x000000000009cbd0                CPtrList::CPtrList()
                0x000000000009cbe0                CPtrList::~CPtrList()
                0x000000000009cbe0                CPtrList::~CPtrList()
                0x000000000009cc10                CPtrList::GetFirst() const
                0x000000000009cc20                CPtrList::GetNext(TPtrListElement*) const
                0x000000000009cc80                CPtrList::GetPtr(TPtrListElement*)
                0x000000000009cce0                CPtrList::InsertBefore(TPtrListElement*, void*)
                0x000000000009cde0                CPtrList::InsertAfter(TPtrListElement*, void*)
                0x000000000009cee0                CPtrList::Remove(TPtrListElement*)
                0x000000000009d000                CPtrList::Find(void*) const
 *fill*         0x000000000009d058        0x8 
 .text          0x000000000009d060     0x1b14 ../../../../../lib/libcircle.a(string.o)
                0x000000000009d060                CString::~CString()
                0x000000000009d060                CString::~CString()
                0x000000000009d070                CString::~CString()
                0x000000000009d140                CString::CString()
                0x000000000009d140                CString::CString()
                0x000000000009d160                CString::CString(char const*)
                0x000000000009d160                CString::CString(char const*)
                0x000000000009d1b0                CString::CString(CString const&)
                0x000000000009d1b0                CString::CString(CString const&)
                0x000000000009d220                CString::CString(CString&&)
                0x000000000009d220                CString::CString(CString&&)
                0x000000000009d250                CString::operator char const*() const
                0x000000000009d270                CString::operator=(char const*)
                0x000000000009d2c0                CString::operator=(CString const&)
                0x000000000009d330                CString::operator=(CString&&)
                0x000000000009d3a0                CString::c_str() const
                0x000000000009d3c0                CString::GetLength() const
                0x000000000009d3d0                CString::Append(char const*)
                0x000000000009d480                CString::operator+=(char const*)
                0x000000000009d4a0                CString::operator+=(CString const&)
                0x000000000009d4d0                CString::Append(char)
                0x000000000009d4f0                CString::operator+=(char)
                0x000000000009d520                CString::Compare(char const*) const
                0x000000000009d530                CString::Find(char) const
                0x000000000009d570                CString::Replace(char const*, char const*)
                0x000000000009d750                CString::PutChar(char, unsigned long)
                0x000000000009d7b0                CString::PutString(char const*)
                0x000000000009d810                CString::ReserveSpace(unsigned long)
                0x000000000009d8b0                CString::ntoa(char*, unsigned long, unsigned int, bool)
                0x000000000009d920                CString::lltoa(char*, unsigned long long, unsigned int, bool)
                0x000000000009d990                CString::ftoa(char*, double, unsigned int)
                0x000000000009dbf0                CString::FormatV(char const*, std::__va_list)
                0x000000000009eb10                CString::Format(char const*, ...)
 *fill*         0x000000000009eb74        0xc 
 .text          0x000000000009eb80      0x1e4 ../../../../../lib/libcircle.a(pageallocator.o)
                0x000000000009eb80                CPageAllocator::CPageAllocator()
                0x000000000009eb80                CPageAllocator::CPageAllocator()
                0x000000000009eba0                CPageAllocator::~CPageAllocator()
                0x000000000009eba0                CPageAllocator::~CPageAllocator()
                0x000000000009ebb0                CPageAllocator::Setup(unsigned long, unsigned long)
                0x000000000009ec10                CPageAllocator::GetFreeSpace() const
                0x000000000009ec20                CPageAllocator::Allocate()
                0x000000000009ecf0                CPageAllocator::Free(void*)
 *fill*         0x000000000009ed64      0x29c 
 .text          0x000000000009f000      0xab8 ../../../../../lib/libcircle.a(exceptionstub64.o)
                0x000000000009f000                VectorTable
                0x000000000009f784                UnexpectedStub
                0x000000000009f7bc                SynchronousStub
                0x000000000009f7f4                SErrorStub
                0x000000000009f82c                IRQStub
                0x000000000009f95c                FIQStub
 *fill*         0x000000000009fab8        0x8 
 .text          0x000000000009fac0      0x37c ../../../../../lib/libcircle.a(exceptionhandler64.o)
                0x000000000009fac0                CExceptionHandler::~CExceptionHandler()
                0x000000000009fac0                CExceptionHandler::~CExceptionHandler()
                0x000000000009fad0                CExceptionHandler::~CExceptionHandler()
                0x000000000009fae0                CExceptionHandler::Throw(unsigned int, TAbortFrame*)
                0x000000000009fd50                CExceptionHandler::CExceptionHandler()
                0x000000000009fd50                CExceptionHandler::CExceptionHandler()
                0x000000000009fd90                CExceptionHandler::Get()
                0x000000000009fdc0                ExceptionHandler
 *fill*         0x000000000009fe3c        0x4 
 .text          0x000000000009fe40       0x28 /Users/xuyi/opt/arm-gnu-toolchain-15.2.rel1-darwin-arm64-aarch64-none-elf/bin/../lib/gcc/aarch64-none-elf/15.2.1/libgcc.a(swp_4_1.o)
                0x000000000009fe40                __aarch64_swp4_relax
 .text          0x000000000009fe68        0x0 /Users/xuyi/opt/arm-gnu-toolchain-15.2.rel1-darwin-arm64-aarch64-none-elf/bin/../lib/gcc/aarch64-none-elf/15.2.1/libgcc.a(lse-init.o)
 *fill*         0x000000000009fe68        0x8 
 .text          0x000000000009fe70      0x120 ../../../Native/libnative.a(flint_native.o)
                0x000000000009fe70                NativeClass::findNativeMethod(MethodInfo*)
 .text._ZN12NativeMethodC2EPKcS1_m
                0x000000000009ff90       0x98 ../../../Native/libnative.a(flint_native.o)
                0x000000000009ff90                NativeMethod::NativeMethod(char const*, char const*, unsigned long)
                0x000000000009ff90                NativeMethod::NativeMethod(char const*, char const*, unsigned long)
 *fill*         0x00000000000a0028        0x8 
 .text.startup  0x00000000000a0030     0x1378 ../../../Native/libnative.a(flint_native.o)
 *fill*         0x00000000000a13a8        0x8 
 .text          0x00000000000a13b0     0x21ec ../../../Native/libnative.a(flint_native_array.o)
                0x00000000000a1480                NativeArray_GetLength(FNIEnv*, JObject*)
                0x00000000000a15d0                NativeArray_NewArray(FNIEnv*, JClass*, int)
                0x00000000000a1810                NativeArray_Get(FNIEnv*, JObject*, int)
                0x00000000000a1b00                NativeArray_GetBoolean(FNIEnv*, JObject*, int)
                0x00000000000a1bc0                NativeArray_GetByte(FNIEnv*, JObject*, int)
                0x00000000000a1c80                NativeArray_GetChar(FNIEnv*, JObject*, int)
                0x00000000000a1d40                NativeArray_GetShort(FNIEnv*, JObject*, int)
                0x00000000000a1e20                NativeArray_GetInt(FNIEnv*, JObject*, int)
                0x00000000000a1f20                NativeArray_GetFloat(FNIEnv*, JObject*, int)
                0x00000000000a2070                NativeArray_SetDouble(FNIEnv*, JObject*, int, jdouble)
                0x00000000000a2150                NativeArray_SetLong(FNIEnv*, JObject*, int, jlong)
                0x00000000000a2280                NativeArray_SetBoolean(FNIEnv*, JObject*, int, int)
                0x00000000000a2360                NativeArray_SetByte(FNIEnv*, JObject*, int, signed char)
                0x00000000000a24d0                NativeArray_SetChar(FNIEnv*, JObject*, int, unsigned short)
                0x00000000000a2620                NativeArray_SetShort(FNIEnv*, JObject*, int, short)
                0x00000000000a2770                NativeArray_SetInt(FNIEnv*, JObject*, int, int)
                0x00000000000a28b0                NativeArray_SetFloat(FNIEnv*, JObject*, int, float)
                0x00000000000a2b20                NativeArray_MultiNewArray(FNIEnv*, JClass*, JInt32Array*)
                0x00000000000a2d00                NativeArray_GetLong(FNIEnv*, JObject*, int)
                0x00000000000a2e20                NativeArray_GetDouble(FNIEnv*, JObject*, int)
                0x00000000000a2f90                NativeArray_Set(FNIEnv*, JObject*, int, JObject*)
 *fill*         0x00000000000a359c        0x4 
 .text.startup  0x00000000000a35a0      0x2bc ../../../Native/libnative.a(flint_native_array.o)
 *fill*         0x00000000000a385c        0x4 
 .text          0x00000000000a3860       0xbc ../../../Native/libnative.a(flint_native_character.o)
                0x00000000000a3860                NativeCharacter_ToUpperCase(FNIEnv*, unsigned short)
                0x00000000000a38c0                NativeCharacter_ToLowerCase(FNIEnv*, unsigned short)
 *fill*         0x00000000000a391c        0x4 
 .text.startup  0x00000000000a3920       0x58 ../../../Native/libnative.a(flint_native_character.o)
 *fill*         0x00000000000a3978        0x8 
 .text          0x00000000000a3980     0x1500 ../../../Native/libnative.a(flint_native_class.o)
                0x00000000000a3980                NativeClass_IsInstance(FNIEnv*, JClass*, JObject*)
                0x00000000000a39b0                NativeClass_IsHidden(FNIEnv*)
                0x00000000000a39c0                NativeClass_ForName(FNIEnv*, JString*)
                0x00000000000a3d10                NativeClass_IsArray(FNIEnv*, JClass*)
                0x00000000000a3d30                NativeClass_IsPrimitive(FNIEnv*, JClass*)
                0x00000000000a3d50                NativeClass_InitClassName(FNIEnv*, JClass*)
                0x00000000000a3e00                NativeClass_GetNestHost0(FNIEnv*, JClass*)
                0x00000000000a3e10                NativeClass_GetNestMembers0(FNIEnv*, JClass*)
                0x00000000000a3f70                NativeClass_GetDeclaringClass0(FNIEnv*, JClass*)
                0x00000000000a4020                NativeClass_IsAssignableFrom(FNIEnv*, JClass*, JClass*)
                0x00000000000a4090                NativeClass_GetPrimitiveClass(FNIEnv*, JString*)
                0x00000000000a4130                NativeClass_IsInterface(FNIEnv*, JClass*)
                0x00000000000a4190                NativeClass_GetModifiers(FNIEnv*, JClass*)
                0x00000000000a41f0                NativeClass_GetSuperclass(FNIEnv*, JClass*)
                0x00000000000a4250                NativeClass_GetComponentType(FNIEnv*, JClass*)
                0x00000000000a42b0                NativeClass_GetInterfaces0(FNIEnv*, JClass*)
                0x00000000000a4400                NativeClass_GetDeclaredFields0(FNIEnv*, JClass*)
                0x00000000000a4870                NativeClass_GetDeclaredMethods0(FNIEnv*, JClass*)
                0x00000000000a4bb0                NativeClass_GetDeclaredConstructors0(FNIEnv*, JClass*)
 .text.startup  0x00000000000a4e80      0x264 ../../../Native/libnative.a(flint_native_class.o)
 *fill*         0x00000000000a50e4        0xc 
 .text          0x00000000000a50f0      0x23c ../../../Native/libnative.a(flint_native_constructor.o)
                0x00000000000a50f0                NativeConstructor_NewInstance0(FNIEnv*, JObject*, JObjectArray*)
 *fill*         0x00000000000a532c        0x4 
 .text.startup  0x00000000000a5330       0xa0 ../../../Native/libnative.a(flint_native_constructor.o)
 .text          0x00000000000a53d0       0x18 ../../../Native/libnative.a(flint_native_double.o)
                0x00000000000a53d0                NativeDouble_DoubleToRawLongBits(FNIEnv*, jdouble)
                0x00000000000a53e0                NativeDouble_LongBitsToDouble(FNIEnv*, jlong)
 *fill*         0x00000000000a53e8        0x8 
 .text.startup  0x00000000000a53f0       0x58 ../../../Native/libnative.a(flint_native_double.o)
 *fill*         0x00000000000a5448        0x8 
 .text          0x00000000000a5450       0x18 ../../../Native/libnative.a(flint_native_float.o)
                0x00000000000a5450                NativeFloat_FloatToRawIntBits(FNIEnv*, float)
                0x00000000000a5460                NativeFloat_IntBitsToFloat(FNIEnv*, int)
 *fill*         0x00000000000a5468        0x8 
 .text.startup  0x00000000000a5470       0x58 ../../../Native/libnative.a(flint_native_float.o)
 *fill*         0x00000000000a54c8        0x8 
 .text          0x00000000000a54d0      0xcb8 ../../../Native/libnative.a(flint_native_interface.o)
                0x00000000000a54d0                FNIEnv::print(char const*) const
                0x00000000000a54e0                FNIEnv::print(JString*) const
                0x00000000000a54f0                FNIEnv::findClass(char const*, unsigned short)
                0x00000000000a5500                FNIEnv::isInstanceof(JObject*, JClass*)
                0x00000000000a5520                FNIEnv::isAssignableFrom(JClass*, JClass*)
                0x00000000000a5540                FNIEnv::newObject(JClass*)
                0x00000000000a5550                FNIEnv::newString(char const*, ...)
                0x00000000000a55c0                FNIEnv::newBoolArray(unsigned int)
                0x00000000000a5620                FNIEnv::newByteArray(unsigned int)
                0x00000000000a5680                FNIEnv::newCharArray(unsigned int)
                0x00000000000a56e0                FNIEnv::newShortArray(unsigned int)
                0x00000000000a5740                FNIEnv::newIntArray(unsigned int)
                0x00000000000a57a0                FNIEnv::newLongArray(unsigned int)
                0x00000000000a5800                FNIEnv::newFloatArray(unsigned int)
                0x00000000000a5860                FNIEnv::newDoubleArray(unsigned int)
                0x00000000000a58c0                FNIEnv::newObjectArray(JClass*, unsigned int)
                0x00000000000a5940                FNIEnv::getConstructorId(JClass*, char const*)
                0x00000000000a59f0                FNIEnv::throwNew(JClass*, char const*, ...)
                0x00000000000a5a60                FNIEnv::newObject(JClass*, MethodInfo*, ...)
                0x00000000000a5b90                FNIEnv::getMethodId(JClass*, char const*, char const*)
                0x00000000000a5c40                jlong::operator long() const
                0x00000000000a5c50                jlong::operator=(long)
                0x00000000000a5c60                jdouble::operator double() const
                0x00000000000a5c70                jdouble::operator=(double)
                0x00000000000a5c80                FNIEnv::FNIEnv(FExec*)
                0x00000000000a5c80                FNIEnv::FNIEnv(FExec*)
                0x00000000000a5c90                FNIEnv::vCallMethod(MethodInfo*, std::__va_list)
                0x00000000000a5d10                FNIEnv::callVoidMethod(MethodInfo*, ...)
                0x00000000000a5d80                FNIEnv::callBoolMethod(MethodInfo*, ...)
                0x00000000000a5df0                FNIEnv::callByteMethod(MethodInfo*, ...)
                0x00000000000a5e60                FNIEnv::callCharMethod(MethodInfo*, ...)
                0x00000000000a5ed0                FNIEnv::callShortMethod(MethodInfo*, ...)
                0x00000000000a5f40                FNIEnv::callIntMethod(MethodInfo*, ...)
                0x00000000000a5fb0                FNIEnv::callLongMethod(MethodInfo*, ...)
                0x00000000000a6020                FNIEnv::callFloatMethod(MethodInfo*, ...)
                0x00000000000a6090                FNIEnv::callDoubleMethod(MethodInfo*, ...)
                0x00000000000a6100                FNIEnv::callObjectMethod(MethodInfo*, ...)
                0x00000000000a6170                FNIEnv::freeObject(JObject*)
 *fill*         0x00000000000a6188        0x8 
 .text          0x00000000000a6190      0x988 ../../../Native/libnative.a(flint_native_io_file.o)
                0x00000000000a6190                NativeIoFile_GetPathSeparatorChar0(FNIEnv*)
                0x00000000000a61a0                NativeIoFile_GetSeparatorChar0(FNIEnv*)
                0x00000000000a61c0                NativeIoFile_IsAbsolute(FNIEnv*, JObject*)
                0x00000000000a62d0                NativeIoFile_Length(FNIEnv*, JObject*)
                0x00000000000a6320                NativeIoFile_LastModified(FNIEnv*, JObject*)
                0x00000000000a6370                NativeIoFile_CreateNewFile(FNIEnv*, JObject*)
                0x00000000000a63b0                NativeIoFile_List(FNIEnv*, JObject*)
                0x00000000000a6630                NativeIoFile_Delete0(FNIEnv*, JObject*)
                0x00000000000a6670                NativeIoFile_RenameTo(FNIEnv*, JObject*, JObject*)
                0x00000000000a6710                NativeIoFile_Mkdir(FNIEnv*, JObject*)
                0x00000000000a6750                NativeIoFile_IsHidden(FNIEnv*, JObject*)
                0x00000000000a67a0                NativeIoFile_IsFile(FNIEnv*, JObject*)
                0x00000000000a6800                NativeIoFile_IsDirectory(FNIEnv*, JObject*)
                0x00000000000a6820                NativeIoFile_CanRead(FNIEnv*, JObject*)
                0x00000000000a6880                NativeIoFile_CanWrite(FNIEnv*, JObject*)
                0x00000000000a68e0                NativeIoFile_Exists(FNIEnv*, JObject*)
                0x00000000000a6920                NativeIoFile_GetCanonicalPath(FNIEnv*, JObject*, JString*)
                0x00000000000a6a40                NativeIoFile_GetAbsolutePath(FNIEnv*, JObject*)
                0x00000000000a6ae0                NativeIoFile_Rmdir0(FNIEnv*, JObject*)
 *fill*         0x00000000000a6b18        0x8 
 .text.startup  0x00000000000a6b20      0x250 ../../../Native/libnative.a(flint_native_io_file.o)
 .text          0x00000000000a6d70       0x70 ../../../Native/libnative.a(flint_native_io_file_descriptor.o)
                0x00000000000a6d70                NativeFileDescriptor_Sync(FNIEnv*, JObject*)
 .text.startup  0x00000000000a6de0       0xa0 ../../../Native/libnative.a(flint_native_io_file_descriptor.o)
 .text          0x00000000000a6e80      0x7a8 ../../../Native/libnative.a(flint_native_io_file_input_stream.o)
                0x00000000000a6e80                NativeFileInputStream_Open(FNIEnv*, JObject*, JString*)
                0x00000000000a6fb0                NativeFileInputStream_Close(FNIEnv*, JObject*)
                0x00000000000a7160                NativeFileInputStream_Read(FNIEnv*, JObject*)
                0x00000000000a7210                NativeFileInputStream_Available(FNIEnv*, JObject*)
                0x00000000000a7260                NativeFileInputStream_Length(FNIEnv*, JObject*)
                0x00000000000a72a0                NativeFileInputStream_Position(FNIEnv*, JObject*)
                0x00000000000a72e0                NativeFileInputStream_Skip(FNIEnv*, JObject*, jlong)
                0x00000000000a7390                NativeFileInputStream_ReadBytes(FNIEnv*, JObject*, JInt8Array*, int, int)
 *fill*         0x00000000000a7628        0x8 
 .text.startup  0x00000000000a7630      0x118 ../../../Native/libnative.a(flint_native_io_file_input_stream.o)
 *fill*         0x00000000000a7748        0x8 
 .text          0x00000000000a7750      0x690 ../../../Native/libnative.a(flint_native_io_file_output_stream.o)
                0x00000000000a7750                NativeFileOutputStream_Open(FNIEnv*, JObject*, JString*, int)
                0x00000000000a78a0                NativeFileOutputStream_Write(FNIEnv*, JObject*, int)
                0x00000000000a79c0                NativeFileOutputStream_Close(FNIEnv*, JObject*)
                0x00000000000a7ae0                NativeFileOutputStream_WriteBytes(FNIEnv*, JObject*, JInt8Array*, int, int)
 .text.startup  0x00000000000a7de0       0x9c ../../../Native/libnative.a(flint_native_io_file_output_stream.o)
 *fill*         0x00000000000a7e7c        0x4 
 .text          0x00000000000a7e80      0x2e4 ../../../Native/libnative.a(flint_native_math.o)
                0x00000000000a7e80                NativeMath_Sin(FNIEnv*, jdouble)
                0x00000000000a7eb0                NativeMath_Cos(FNIEnv*, jdouble)
                0x00000000000a7ee0                NativeMath_Tan(FNIEnv*, jdouble)
                0x00000000000a7f10                NativeMath_Asin(FNIEnv*, jdouble)
                0x00000000000a7f40                NativeMath_Acos(FNIEnv*, jdouble)
                0x00000000000a7f70                NativeMath_Atan(FNIEnv*, jdouble)
                0x00000000000a7fa0                NativeMath_Log(FNIEnv*, jdouble)
                0x00000000000a7fd0                NativeMath_Log10(FNIEnv*, jdouble)
                0x00000000000a8000                NativeMath_Sqrt(FNIEnv*, jdouble)
                0x00000000000a8030                NativeMath_Cbrt(FNIEnv*, jdouble)
                0x00000000000a8060                NativeMath_Atan2(FNIEnv*, jdouble, jdouble)
                0x00000000000a80a0                NativeMath_Pow(FNIEnv*, jdouble, jdouble)
                0x00000000000a80e0                NativeMath_Sinh(FNIEnv*, jdouble)
                0x00000000000a8110                NativeMath_Cosh(FNIEnv*, jdouble)
                0x00000000000a8140                NativeMath_Tanh(FNIEnv*, jdouble)
 *fill*         0x00000000000a8164        0xc 
 .text.startup  0x00000000000a8170      0x1cc ../../../Native/libnative.a(flint_native_math.o)
 *fill*         0x00000000000a833c        0x4 
 .text          0x00000000000a8340      0x4e8 ../../../Native/libnative.a(flint_native_method.o)
                0x00000000000a8340                NativeMethod_Invoke0(FNIEnv*, JObject*, JObject*, JObjectArray*)
 *fill*         0x00000000000a8828        0x8 
 .text.startup  0x00000000000a8830       0xa0 ../../../Native/libnative.a(flint_native_method.o)
 .text          0x00000000000a88d0       0xf8 ../../../Native/libnative.a(flint_native_object.o)
                0x00000000000a88d0                NativeObject_HashCode(FNIEnv*, JObject*)
                0x00000000000a88e0                NativeObject_Clone(FNIEnv*, JObject*)
                0x00000000000a89b0                NativeObject_GetClass(FNIEnv*, JObject*)
 *fill*         0x00000000000a89c8        0x8 
 .text.startup  0x00000000000a89d0       0x7c ../../../Native/libnative.a(flint_native_object.o)
 *fill*         0x00000000000a8a4c        0x4 
 .text          0x00000000000a8a50       0x84 ../../../Native/libnative.a(flint_native_reflection.o)
                0x00000000000a8a50                NativeReflection_GetCallerClass(FNIEnv*)
                0x00000000000a8a60                NativeReflection_GetClassAccessFlags(FNIEnv*, JClass*)
                0x00000000000a8a80                NativeReflection_AreNestMates(FNIEnv*, JClass*, JClass*)
 *fill*         0x00000000000a8ad4        0xc 
 .text.startup  0x00000000000a8ae0       0x7c ../../../Native/libnative.a(flint_native_reflection.o)
 *fill*         0x00000000000a8b5c        0x4 
 .text          0x00000000000a8b60        0x8 ../../../Native/libnative.a(flint_native_string.o)
                0x00000000000a8b60                NativeString_Intern(FNIEnv*, JString*)
 *fill*         0x00000000000a8b68        0x8 
 .text.startup  0x00000000000a8b70       0xa0 ../../../Native/libnative.a(flint_native_string.o)
 .text          0x00000000000a8c10      0x524 ../../../Native/libnative.a(flint_native_system.o)
                0x00000000000a8c10                NativeSystem_IdentityHashCode(FNIEnv*, JObject*)
                0x00000000000a8c20                NativeSystem_setOut0(FNIEnv*, JObject*)
                0x00000000000a8c90                NativeSystem_CurrentTimeMillis(FNIEnv*)
                0x00000000000a8cb0                NativeSystem_NanoTime(FNIEnv*)
                0x00000000000a8cd0                NativeSystem_Arraycopy(FNIEnv*, JObject*, int, JObject*, int, int)
 *fill*         0x00000000000a9134        0xc 
 .text.startup  0x00000000000a9140       0xb8 ../../../Native/libnative.a(flint_native_system.o)
 *fill*         0x00000000000a91f8        0x8 
 .text          0x00000000000a9200      0x234 ../../../Native/libnative.a(flint_native_thread.o)
                0x00000000000a9200                NativeThread_Interrupt0(FNIEnv*, JThread*)
                0x00000000000a9250                NativeThread_Start0(FNIEnv*, JThread*)
                0x00000000000a9380                NativeThread_Yield0(FNIEnv*)
                0x00000000000a9390                NativeThread_CurrentThread(FNIEnv*)
                0x00000000000a93a0                NativeThread_Sleep0(FNIEnv*, jlong)
 *fill*         0x00000000000a9434        0xc 
 .text.startup  0x00000000000a9440       0xb4 ../../../Native/libnative.a(flint_native_thread.o)
 *fill*         0x00000000000a94f4        0xc 
 .text          0x00000000000a9500       0xe8 ../../../Native/libnative.a(flint_native_rpi.o)
                0x00000000000a9500                NativeRPi_CurrentTimeMillis(FNIEnv*)
                0x00000000000a9530                NativeRPi_SetPin(FNIEnv*, int, int)
                0x00000000000a9560                NativeRPi_Random(FNIEnv*)
                0x00000000000a9590                NativeRPi_Print(FNIEnv*, JString*)
 *fill*         0x00000000000a95e8        0x8 
 .text.startup  0x00000000000a95f0       0x9c ../../../Native/libnative.a(flint_native_rpi.o)
 *fill*         0x00000000000a968c        0x4 
 .text          0x00000000000a9690       0x18 ../../../libwvm.a(flint_java_thread.o)
                0x00000000000a9690                JThread::getTask() const
 *fill*         0x00000000000a96a8        0x8 
 .text          0x00000000000a96b0      0xf8c ../../../../../lib/peripherals/libperi.a(gpiopin.o)
                0x00000000000a96b0                CGPIOPin::~CGPIOPin()
                0x00000000000a96b0                CGPIOPin::~CGPIOPin()
                0x00000000000a96c0                CGPIOPin::~CGPIOPin()
                0x00000000000a96d0                CGPIOPin::CGPIOPin()
                0x00000000000a96d0                CGPIOPin::CGPIOPin()
                0x00000000000a9700                CGPIOPin::AssignPin(unsigned int)
                0x00000000000a9790                CGPIOPin::Write(unsigned int)
                0x00000000000a9820                CGPIOPin::Read() const
                0x00000000000a98a0                CGPIOPin::Invert()
                0x00000000000a9940                CGPIOPin::ConnectInterrupt(void (*)(void*), void*, bool)
                0x00000000000a9a20                CGPIOPin::DisconnectInterrupt()
                0x00000000000a9ae0                CGPIOPin::EnableInterrupt(TGPIOInterrupt)
                0x00000000000a9c10                CGPIOPin::DisableInterrupt()
                0x00000000000a9d00                CGPIOPin::EnableInterrupt2(TGPIOInterrupt)
                0x00000000000a9e30                CGPIOPin::DisableInterrupt2()
                0x00000000000a9f20                CGPIOPin::AcknowledgeInterrupt()
                0x00000000000a9f80                CGPIOPin::SetModeAll(unsigned int, unsigned int)
                0x00000000000aa070                CGPIOPin::WriteAll(unsigned int, unsigned int)
                0x00000000000aa0a0                CGPIOPin::ReadAll()
                0x00000000000aa0b0                CGPIOPin::SetPullMode(TGPIOPullMode)
                0x00000000000aa170                CGPIOPin::SetAlternateFunction(unsigned int)
                0x00000000000aa250                CGPIOPin::SetMode(TGPIOMode, bool)
                0x00000000000aa450                CGPIOPin::CGPIOPin(unsigned int, TGPIOMode, CGPIOManager*)
                0x00000000000aa450                CGPIOPin::CGPIOPin(unsigned int, TGPIOMode, CGPIOManager*)
                0x00000000000aa510                CGPIOPin::InterruptHandler()
                0x00000000000aa5a0                CGPIOPin::DisableAllInterrupts(unsigned int)
 *fill*         0x00000000000aa63c        0x4 
 .text.startup  0x00000000000aa640       0x10 ../../../../../lib/peripherals/libperi.a(gpiopin.o)
 .text          0x00000000000aa650      0x378 ../../../../../lib/peripherals/libperi.a(gpiomanager.o)
                0x00000000000aa650                CGPIOManager::CGPIOManager(CInterruptSystem*)
                0x00000000000aa650                CGPIOManager::CGPIOManager(CInterruptSystem*)
                0x00000000000aa670                CGPIOManager::~CGPIOManager()
                0x00000000000aa670                CGPIOManager::~CGPIOManager()
                0x00000000000aa6f0                CGPIOManager::Initialize()
                0x00000000000aa770                CGPIOManager::ConnectInterrupt(CGPIOPin*)
                0x00000000000aa810                CGPIOManager::DisconnectInterrupt(CGPIOPin*)
                0x00000000000aa8b0                CGPIOManager::InterruptHandler()
                0x00000000000aa9a0                CGPIOManager::InterruptStub(void*)
 .text          0x00000000000aa9c8        0x0 /Users/xuyi/opt/arm-gnu-toolchain-15.2.rel1-darwin-arm64-aarch64-none-elf/bin/../lib/gcc/aarch64-none-elf/15.2.1/../../../../aarch64-none-elf/lib/libm.a(libm_a-w_acos.o)
 *fill*         0x00000000000aa9c8       0x18 
 .text.acos     0x00000000000aa9e0       0x64 /Users/xuyi/opt/arm-gnu-toolchain-15.2.rel1-darwin-arm64-aarch64-none-elf/bin/../lib/gcc/aarch64-none-elf/15.2.1/../../../../aarch64-none-elf/lib/libm.a(libm_a-w_acos.o)
                0x00000000000aa9e0                acos
 .text          0x00000000000aaa44        0x0 /Users/xuyi/opt/arm-gnu-toolchain-15.2.rel1-darwin-arm64-aarch64-none-elf/bin/../lib/gcc/aarch64-none-elf/15.2.1/../../../../aarch64-none-elf/lib/libm.a(libm_a-w_asin.o)
 *fill*         0x00000000000aaa44       0x1c 
 .text.asin     0x00000000000aaa60       0x64 /Users/xuyi/opt/arm-gnu-toolchain-15.2.rel1-darwin-arm64-aarch64-none-elf/bin/../lib/gcc/aarch64-none-elf/15.2.1/../../../../aarch64-none-elf/lib/libm.a(libm_a-w_asin.o)
                0x00000000000aaa60                asin
 .text          0x00000000000aaac4        0x0 /Users/xuyi/opt/arm-gnu-toolchain-15.2.rel1-darwin-arm64-aarch64-none-elf/bin/../lib/gcc/aarch64-none-elf/15.2.1/../../../../aarch64-none-elf/lib/libm.a(libm_a-w_atan2.o)
 *fill*         0x00000000000aaac4       0x1c 
 .text.atan2    0x00000000000aaae0        0x4 /Users/xuyi/opt/arm-gnu-toolchain-15.2.rel1-darwin-arm64-aarch64-none-elf/bin/../lib/gcc/aarch64-none-elf/15.2.1/../../../../aarch64-none-elf/lib/libm.a(libm_a-w_atan2.o)
                0x00000000000aaae0                atan2
 .text          0x00000000000aaae4        0x0 /Users/xuyi/opt/arm-gnu-toolchain-15.2.rel1-darwin-arm64-aarch64-none-elf/bin/../lib/gcc/aarch64-none-elf/15.2.1/../../../../aarch64-none-elf/lib/libm.a(libm_a-w_cosh.o)
 *fill*         0x00000000000aaae4       0x1c 
 .text.cosh     0x00000000000aab00       0x6c /Users/xuyi/opt/arm-gnu-toolchain-15.2.rel1-darwin-arm64-aarch64-none-elf/bin/../lib/gcc/aarch64-none-elf/15.2.1/../../../../aarch64-none-elf/lib/libm.a(libm_a-w_cosh.o)
                0x00000000000aab00                cosh
 .text          0x00000000000aab6c        0x0 /Users/xuyi/opt/arm-gnu-toolchain-15.2.rel1-darwin-arm64-aarch64-none-elf/bin/../lib/gcc/aarch64-none-elf/15.2.1/../../../../aarch64-none-elf/lib/libm.a(libm_a-log.o)
 *fill*         0x00000000000aab6c       0x14 
 .text.log      0x00000000000aab80      0x1b0 /Users/xuyi/opt/arm-gnu-toolchain-15.2.rel1-darwin-arm64-aarch64-none-elf/bin/../lib/gcc/aarch64-none-elf/15.2.1/../../../../aarch64-none-elf/lib/libm.a(libm_a-log.o)
                0x00000000000aab80                log
 .text          0x00000000000aad30        0x0 /Users/xuyi/opt/arm-gnu-toolchain-15.2.rel1-darwin-arm64-aarch64-none-elf/bin/../lib/gcc/aarch64-none-elf/15.2.1/../../../../aarch64-none-elf/lib/libm.a(libm_a-log_data.o)
 .text          0x00000000000aad30        0x0 /Users/xuyi/opt/arm-gnu-toolchain-15.2.rel1-darwin-arm64-aarch64-none-elf/bin/../lib/gcc/aarch64-none-elf/15.2.1/../../../../aarch64-none-elf/lib/libm.a(libm_a-e_acos.o)
 *fill*         0x00000000000aad30       0x10 
 .text.__ieee754_acos
                0x00000000000aad40      0x2b4 /Users/xuyi/opt/arm-gnu-toolchain-15.2.rel1-darwin-arm64-aarch64-none-elf/bin/../lib/gcc/aarch64-none-elf/15.2.1/../../../../aarch64-none-elf/lib/libm.a(libm_a-e_acos.o)
                0x00000000000aad40                __ieee754_acos
 .text          0x00000000000aaff4        0x0 /Users/xuyi/opt/arm-gnu-toolchain-15.2.rel1-darwin-arm64-aarch64-none-elf/bin/../lib/gcc/aarch64-none-elf/15.2.1/../../../../aarch64-none-elf/lib/libm.a(libm_a-e_asin.o)
 *fill*         0x00000000000aaff4        0xc 
 .text.__ieee754_asin
                0x00000000000ab000      0x284 /Users/xuyi/opt/arm-gnu-toolchain-15.2.rel1-darwin-arm64-aarch64-none-elf/bin/../lib/gcc/aarch64-none-elf/15.2.1/../../../../aarch64-none-elf/lib/libm.a(libm_a-e_asin.o)
                0x00000000000ab000                __ieee754_asin
 .text          0x00000000000ab284        0x0 /Users/xuyi/opt/arm-gnu-toolchain-15.2.rel1-darwin-arm64-aarch64-none-elf/bin/../lib/gcc/aarch64-none-elf/15.2.1/../../../../aarch64-none-elf/lib/libm.a(libm_a-e_atan2.o)
 *fill*         0x00000000000ab284       0x1c 
 .text.__ieee754_atan2
                0x00000000000ab2a0      0x238 /Users/xuyi/opt/arm-gnu-toolchain-15.2.rel1-darwin-arm64-aarch64-none-elf/bin/../lib/gcc/aarch64-none-elf/15.2.1/../../../../aarch64-none-elf/lib/libm.a(libm_a-e_atan2.o)
                0x00000000000ab2a0                __ieee754_atan2
 .text          0x00000000000ab4d8        0x0 /Users/xuyi/opt/arm-gnu-toolchain-15.2.rel1-darwin-arm64-aarch64-none-elf/bin/../lib/gcc/aarch64-none-elf/15.2.1/../../../../aarch64-none-elf/lib/libm.a(libm_a-w_log10.o)
 *fill*         0x00000000000ab4d8        0x8 
 .text.log10    0x00000000000ab4e0       0x78 /Users/xuyi/opt/arm-gnu-toolchain-15.2.rel1-darwin-arm64-aarch64-none-elf/bin/../lib/gcc/aarch64-none-elf/15.2.1/../../../../aarch64-none-elf/lib/libm.a(libm_a-w_log10.o)
                0x00000000000ab4e0                log10
 .text          0x00000000000ab558        0x0 /Users/xuyi/opt/arm-gnu-toolchain-15.2.rel1-darwin-arm64-aarch64-none-elf/bin/../lib/gcc/aarch64-none-elf/15.2.1/../../../../aarch64-none-elf/lib/libm.a(libm_a-w_sinh.o)
 *fill*         0x00000000000ab558        0x8 